01:34:08.693 [main] INFO  c.c.ContactHub.ContactHubApplication - Starting ContactHubApplication using Java 26.0.1 with PID 17660 (F:\cms-project\Backend\ContactHub\target\classes started by Noem Ahmed Khan in F:\cms-project)
01:34:08.699 [main] INFO  c.c.ContactHub.ContactHubApplication - No active profile set, falling back to 1 default profile: "default"
01:34:08.980 [background-preinit] INFO  o.h.validator.internal.util.Version - HV000001: Hibernate Validator 9.0.1.Final
01:34:09.730 [main] INFO  o.s.d.r.c.RepositoryConfigurationDelegate - Bootstrapping Spring Data JPA repositories in DEFAULT mode.
01:34:09.809 [main] INFO  o.s.d.r.c.RepositoryConfigurationDelegate - Finished Spring Data repository scanning in 65 ms. Found 2 JPA repository interfaces.
01:34:10.454 [main] INFO  o.s.boot.tomcat.TomcatWebServer - Tomcat initialized with port 8080 (http)
01:34:10.471 [main] INFO  o.a.coyote.http11.Http11NioProtocol - Initializing ProtocolHandler ["http-nio-8080"]
01:34:10.474 [main] INFO  o.a.catalina.core.StandardService - Starting service [Tomcat]
01:34:10.474 [main] INFO  o.a.catalina.core.StandardEngine - Starting Servlet engine: [Apache Tomcat/11.0.21]
01:34:10.555 [main] INFO  o.s.b.w.c.s.WebApplicationContextInitializer - Root WebApplicationContext: initialization completed in 1792 ms
01:34:10.751 [main] INFO  org.hibernate.orm.jpa - HHH008540: Processing PersistenceUnitInfo [name: default]
01:34:10.854 [main] INFO  org.hibernate.orm.core - HHH000001: Hibernate ORM core version 7.2.12.Final
01:34:11.478 [main] INFO  o.s.o.j.p.SpringPersistenceUnitInfo - No LoadTimeWeaver setup: ignoring JPA class transformer
01:34:11.516 [main] INFO  com.zaxxer.hikari.HikariDataSource - HikariPool-1 - Starting...
01:34:12.346 [main] INFO  com.zaxxer.hikari.pool.HikariPool - HikariPool-1 - Added connection org.postgresql.jdbc.PgConnection@98722ef
01:34:12.348 [main] INFO  com.zaxxer.hikari.HikariDataSource - HikariPool-1 - Start completed.
01:34:12.512 [main] INFO  o.hibernate.orm.connections.pooling - HHH10001005: Database info:
	Database JDBC URL [jdbc:postgresql://localhost:5432/contacthubDB]
	Database driver: PostgreSQL JDBC Driver
	Database dialect: PostgreSQLDialect
	Database version: 18.4
	Default catalog/schema: contacthubDB/public
	Autocommit mode: undefined/unknown
	Isolation level: READ_COMMITTED [default READ_COMMITTED]
	JDBC fetch size: none
	Pool: DataSourceConnectionProvider
	Minimum pool size: undefined/unknown
	Maximum pool size: undefined/unknown
01:34:13.981 [main] INFO  org.hibernate.orm.core - HHH000489: No JTA platform available (set 'hibernate.transaction.jta.platform' to enable JTA platform integration)
01:34:14.169 [main] INFO  o.s.o.j.LocalContainerEntityManagerFactoryBean - Initialized JPA EntityManagerFactory for persistence unit 'default'
01:34:14.267 [main] INFO  o.s.d.j.r.q.QueryEnhancerFactories - Hibernate is in classpath; If applicable, HQL parser will be used.
01:34:14.609 [main] INFO  o.s.s.c.a.a.c.InitializeUserDetailsBeanManagerConfigurer$InitializeUserDetailsManagerConfigurer - Global AuthenticationManager configured with UserDetailsService bean with name customUserDetailsService
01:34:14.658 [main] WARN  o.s.b.j.a.JpaBaseConfiguration$JpaWebConfiguration - spring.jpa.open-in-view is enabled by default. Therefore, database queries may be performed during view rendering. Explicitly configure spring.jpa.open-in-view to disable this warning
01:34:15.228 [main] INFO  o.a.coyote.http11.Http11NioProtocol - Starting ProtocolHandler ["http-nio-8080"]
01:34:15.245 [main] INFO  o.s.boot.tomcat.TomcatWebServer - Tomcat started on port 8080 (http) with context path '/'
01:34:15.251 [main] INFO  c.c.ContactHub.ContactHubApplication - Started ContactHubApplication in 7.18 seconds (process running for 8.441)
01:35:00.327 [SpringApplicationShutdownHook] INFO  o.s.boot.tomcat.GracefulShutdown - Commencing graceful shutdown. Waiting for active requests to complete
01:35:00.334 [tomcat-shutdown] INFO  o.s.boot.tomcat.GracefulShutdown - Graceful shutdown complete
01:35:00.340 [SpringApplicationShutdownHook] INFO  o.s.o.j.LocalContainerEntityManagerFactoryBean - Closing JPA EntityManagerFactory for persistence unit 'default'
01:35:00.342 [SpringApplicationShutdownHook] INFO  com.zaxxer.hikari.HikariDataSource - HikariPool-1 - Shutdown initiated...
01:35:00.346 [SpringApplicationShutdownHook] INFO  com.zaxxer.hikari.HikariDataSource - HikariPool-1 - Shutdown completed.
03:10:36.087 [main] INFO  c.c.ContactHub.ContactHubApplication - Starting ContactHubApplication using Java 26.0.1 with PID 4916 (F:\cms-project\Backend\ContactHub\target\classes started by Noem Ahmed Khan in F:\cms-project)
03:10:36.091 [main] INFO  c.c.ContactHub.ContactHubApplication - No active profile set, falling back to 1 default profile: "default"
03:10:36.469 [background-preinit] INFO  o.h.validator.internal.util.Version - HV000001: Hibernate Validator 9.0.1.Final
03:10:37.324 [main] INFO  o.s.d.r.c.RepositoryConfigurationDelegate - Bootstrapping Spring Data JPA repositories in DEFAULT mode.
03:10:37.459 [main] INFO  o.s.d.r.c.RepositoryConfigurationDelegate - Finished Spring Data repository scanning in 122 ms. Found 2 JPA repository interfaces.
03:10:38.099 [main] INFO  o.s.boot.tomcat.TomcatWebServer - Tomcat initialized with port 8080 (http)
03:10:38.112 [main] INFO  o.a.coyote.http11.Http11NioProtocol - Initializing ProtocolHandler ["http-nio-8080"]
03:10:38.114 [main] INFO  o.a.catalina.core.StandardService - Starting service [Tomcat]
03:10:38.114 [main] INFO  o.a.catalina.core.StandardEngine - Starting Servlet engine: [Apache Tomcat/11.0.21]
03:10:38.181 [main] INFO  o.s.b.w.c.s.WebApplicationContextInitializer - Root WebApplicationContext: initialization completed in 2023 ms
03:10:38.329 [main] INFO  org.hibernate.orm.jpa - HHH008540: Processing PersistenceUnitInfo [name: default]
03:10:38.392 [main] INFO  org.hibernate.orm.core - HHH000001: Hibernate ORM core version 7.2.12.Final
03:10:38.962 [main] INFO  o.s.o.j.p.SpringPersistenceUnitInfo - No LoadTimeWeaver setup: ignoring JPA class transformer
03:10:39.043 [main] INFO  com.zaxxer.hikari.HikariDataSource - HikariPool-1 - Starting...
03:10:39.339 [main] INFO  com.zaxxer.hikari.pool.HikariPool - HikariPool-1 - Added connection org.postgresql.jdbc.PgConnection@3ec7ad61
03:10:39.341 [main] INFO  com.zaxxer.hikari.HikariDataSource - HikariPool-1 - Start completed.
03:10:39.510 [main] INFO  o.hibernate.orm.connections.pooling - HHH10001005: Database info:
	Database JDBC URL [jdbc:postgresql://localhost:5432/contacthubDB]
	Database driver: PostgreSQL JDBC Driver
	Database dialect: PostgreSQLDialect
	Database version: 18.4
	Default catalog/schema: contacthubDB/public
	Autocommit mode: undefined/unknown
	Isolation level: READ_COMMITTED [default READ_COMMITTED]
	JDBC fetch size: none
	Pool: DataSourceConnectionProvider
	Minimum pool size: undefined/unknown
	Maximum pool size: undefined/unknown
03:10:40.940 [main] INFO  org.hibernate.orm.core - HHH000489: No JTA platform available (set 'hibernate.transaction.jta.platform' to enable JTA platform integration)
03:10:41.164 [main] INFO  o.s.o.j.LocalContainerEntityManagerFactoryBean - Initialized JPA EntityManagerFactory for persistence unit 'default'
03:10:41.248 [main] INFO  o.s.d.j.r.q.QueryEnhancerFactories - Hibernate is in classpath; If applicable, HQL parser will be used.
03:10:41.593 [main] INFO  o.s.s.c.a.a.c.InitializeUserDetailsBeanManagerConfigurer$InitializeUserDetailsManagerConfigurer - Global AuthenticationManager configured with UserDetailsService bean with name customUserDetailsService
03:10:41.649 [main] WARN  o.s.b.j.a.JpaBaseConfiguration$JpaWebConfiguration - spring.jpa.open-in-view is enabled by default. Therefore, database queries may be performed during view rendering. Explicitly configure spring.jpa.open-in-view to disable this warning
03:10:42.180 [main] INFO  o.a.coyote.http11.Http11NioProtocol - Starting ProtocolHandler ["http-nio-8080"]
03:10:42.197 [main] INFO  o.s.boot.tomcat.TomcatWebServer - Tomcat started on port 8080 (http) with context path '/'
03:10:42.204 [main] INFO  c.c.ContactHub.ContactHubApplication - Started ContactHubApplication in 6.707 seconds (process running for 7.895)
03:12:39.429 [http-nio-8080-exec-1] INFO  o.a.c.c.C.[Tomcat].[localhost].[/] - Initializing Spring DispatcherServlet 'dispatcherServlet'
03:12:39.430 [http-nio-8080-exec-1] INFO  o.s.web.servlet.DispatcherServlet - Initializing Servlet 'dispatcherServlet'
03:12:39.431 [http-nio-8080-exec-1] INFO  o.s.web.servlet.DispatcherServlet - Completed initialization in 1 ms
03:12:40.261 [http-nio-8080-exec-2] INFO  c.cms.ContactHub.service.UserService - Password encoded!
03:12:40.342 [http-nio-8080-exec-2] INFO  c.cms.ContactHub.service.UserService - User registered with this haroon1@gmail.com 
03:13:39.156 [http-nio-8080-exec-4] INFO  c.cms.ContactHub.service.UserService - User is authenticated!
03:13:39.287 [http-nio-8080-exec-4] INFO  c.cms.ContactHub.service.UserService - JWT generated from haroon1@gmail.com
03:13:39.288 [http-nio-8080-exec-4] INFO  c.cms.ContactHub.service.UserService - MR. Haroon Ahmed logged in with haroon1@gmail.com 
03:13:39.529 [http-nio-8080-exec-6] INFO  c.c.C.service.ContactService - No contacts found!
03:13:52.358 [http-nio-8080-exec-9] INFO  c.c.C.service.ContactService - No contacts found!
03:13:53.567 [http-nio-8080-exec-1] INFO  c.c.C.service.ProfileService - MR. Haroon Ahmed Profile Returned!
03:14:22.577 [http-nio-8080-exec-3] INFO  c.c.C.service.ProfileService - passwordEncoder.matches(newPassword, oldPassword) method called and returned true
03:14:22.693 [http-nio-8080-exec-3] INFO  c.c.C.service.ProfileService - passwordEncoder.encode(newPassword) method called and returned encoded password.
03:14:22.719 [http-nio-8080-exec-3] INFO  c.c.C.service.ProfileService - MR. Haroon Ahmed Password Changed!
03:14:39.854 [http-nio-8080-exec-5] INFO  c.c.C.service.ProfileService - Profile Updated: Full Name: Mr. Haroon Ahmed, Email: haroon1@gmail.com
03:14:39.879 [http-nio-8080-exec-6] INFO  c.c.C.service.ProfileService - Mr. Haroon Ahmed Profile Returned!
03:15:48.831 [http-nio-8080-exec-8] ERROR c.cms.ContactHub.service.UserService - Failed attempt to login with email: haroon1@gmail.com
org.springframework.security.authentication.BadCredentialsException: Bad credentials
	at org.springframework.security.authentication.dao.DaoAuthenticationProvider.additionalAuthenticationChecks(DaoAuthenticationProvider.java:92)
	at org.springframework.security.authentication.dao.AbstractUserDetailsAuthenticationProvider.performPreCheck(AbstractUserDetailsAuthenticationProvider.java:198)
	at org.springframework.security.authentication.dao.AbstractUserDetailsAuthenticationProvider.authenticate(AbstractUserDetailsAuthenticationProvider.java:159)
	at org.springframework.security.authentication.ProviderManager.authenticate(ProviderManager.java:183)
	at com.cms.ContactHub.service.UserService.authenticateUser(UserService.java:61)
	at com.cms.ContactHub.controller.LoginController.getUser(LoginController.java:17)
	at java.base/jdk.internal.reflect.DirectMethodHandleAccessor.invoke(DirectMethodHandleAccessor.java:104)
	at java.base/java.lang.reflect.Method.invoke(Method.java:565)
	at org.springframework.web.method.support.InvocableHandlerMethod.doInvoke(InvocableHandlerMethod.java:252)
	at org.springframework.web.method.support.InvocableHandlerMethod.invokeForRequest(InvocableHandlerMethod.java:184)
	at org.springframework.web.servlet.mvc.method.annotation.ServletInvocableHandlerMethod.invokeAndHandle(ServletInvocableHandlerMethod.java:117)
	at org.springframework.web.servlet.mvc.method.annotation.RequestMappingHandlerAdapter.invokeHandlerMethod(RequestMappingHandlerAdapter.java:934)
	at org.springframework.web.servlet.mvc.method.annotation.RequestMappingHandlerAdapter.handleInternal(RequestMappingHandlerAdapter.java:853)
	at org.springframework.web.servlet.mvc.method.AbstractHandlerMethodAdapter.handle(AbstractHandlerMethodAdapter.java:86)
	at org.springframework.web.servlet.DispatcherServlet.doDispatch(DispatcherServlet.java:963)
	at org.springframework.web.servlet.DispatcherServlet.doService(DispatcherServlet.java:866)
	at org.springframework.web.servlet.FrameworkServlet.processRequest(FrameworkServlet.java:1000)
	at org.springframework.web.servlet.FrameworkServlet.doPost(FrameworkServlet.java:903)
	at jakarta.servlet.http.HttpServlet.service(HttpServlet.java:649)
	at org.springframework.web.servlet.FrameworkServlet.service(FrameworkServlet.java:874)
	at jakarta.servlet.http.HttpServlet.service(HttpServlet.java:710)
	at org.apache.catalina.core.ApplicationFilterChain.doFilter(ApplicationFilterChain.java:128)
	at org.apache.tomcat.websocket.server.WsFilter.doFilter(WsFilter.java:53)
	at org.apache.catalina.core.ApplicationFilterChain.doFilter(ApplicationFilterChain.java:107)
	at org.springframework.web.filter.OncePerRequestFilter.doFilter(OncePerRequestFilter.java:110)
	at org.apache.catalina.core.ApplicationFilterChain.doFilter(ApplicationFilterChain.java:107)
	at org.springframework.web.filter.CompositeFilter$VirtualFilterChain.doFilter(CompositeFilter.java:108)
	at org.springframework.security.web.FilterChainProxy.lambda$doFilterInternal$3(FilterChainProxy.java:235)
	at org.springframework.security.web.FilterChainProxy$VirtualFilterChain.doFilter(FilterChainProxy.java:376)
	at org.springframework.security.web.access.intercept.AuthorizationFilter.doFilter(AuthorizationFilter.java:101)
	at org.springframework.security.web.FilterChainProxy$VirtualFilterChain.doFilter(FilterChainProxy.java:385)
	at org.springframework.security.web.access.ExceptionTranslationFilter.doFilter(ExceptionTranslationFilter.java:126)
	at org.springframework.security.web.access.ExceptionTranslationFilter.doFilter(ExceptionTranslationFilter.java:120)
	at org.springframework.security.web.FilterChainProxy$VirtualFilterChain.doFilter(FilterChainProxy.java:385)
	at org.springframework.security.web.authentication.AnonymousAuthenticationFilter.doFilter(AnonymousAuthenticationFilter.java:100)
	at org.springframework.security.web.FilterChainProxy$VirtualFilterChain.doFilter(FilterChainProxy.java:385)
	at org.springframework.security.web.servletapi.SecurityContextHolderAwareRequestFilter.doFilter(SecurityContextHolderAwareRequestFilter.java:181)
	at org.springframework.security.web.FilterChainProxy$VirtualFilterChain.doFilter(FilterChainProxy.java:385)
	at org.springframework.security.web.savedrequest.RequestCacheAwareFilter.doFilter(RequestCacheAwareFilter.java:63)
	at org.springframework.security.web.FilterChainProxy$VirtualFilterChain.doFilter(FilterChainProxy.java:385)
	at com.cms.ContactHub.security.JwtAuthFilter.doFilterInternal(JwtAuthFilter.java:34)
	at org.springframework.web.filter.OncePerRequestFilter.doFilter(OncePerRequestFilter.java:116)
	at org.springframework.security.web.FilterChainProxy$VirtualFilterChain.doFilter(FilterChainProxy.java:385)
	at org.springframework.security.web.authentication.logout.LogoutFilter.doFilter(LogoutFilter.java:110)
	at org.springframework.security.web.authentication.logout.LogoutFilter.doFilter(LogoutFilter.java:96)
	at org.springframework.security.web.FilterChainProxy$VirtualFilterChain.doFilter(FilterChainProxy.java:385)
	at org.springframework.web.filter.CorsFilter.doFilterInternal(CorsFilter.java:91)
	at org.springframework.web.filter.OncePerRequestFilter.doFilter(OncePerRequestFilter.java:116)
	at org.springframework.security.web.FilterChainProxy$VirtualFilterChain.doFilter(FilterChainProxy.java:385)
	at org.springframework.security.web.header.HeaderWriterFilter.doHeadersAfter(HeaderWriterFilter.java:90)
	at org.springframework.security.web.header.HeaderWriterFilter.doFilterInternal(HeaderWriterFilter.java:75)
	at org.springframework.web.filter.OncePerRequestFilter.doFilter(OncePerRequestFilter.java:116)
	at org.springframework.security.web.FilterChainProxy$VirtualFilterChain.doFilter(FilterChainProxy.java:385)
	at org.springframework.security.web.context.SecurityContextHolderFilter.doFilter(SecurityContextHolderFilter.java:82)
	at org.springframework.security.web.context.SecurityContextHolderFilter.doFilter(SecurityContextHolderFilter.java:69)
	at org.springframework.security.web.FilterChainProxy$VirtualFilterChain.doFilter(FilterChainProxy.java:385)
	at org.springframework.security.web.context.request.async.WebAsyncManagerIntegrationFilter.doFilterInternal(WebAsyncManagerIntegrationFilter.java:62)
	at org.springframework.web.filter.OncePerRequestFilter.doFilter(OncePerRequestFilter.java:116)
	at org.springframework.security.web.FilterChainProxy$VirtualFilterChain.doFilter(FilterChainProxy.java:385)
	at org.springframework.security.web.session.DisableEncodeUrlFilter.doFilterInternal(DisableEncodeUrlFilter.java:42)
	at org.springframework.web.filter.OncePerRequestFilter.doFilter(OncePerRequestFilter.java:116)
	at org.springframework.security.web.FilterChainProxy$VirtualFilterChain.doFilter(FilterChainProxy.java:385)
	at org.springframework.security.web.FilterChainProxy.doFilterInternal(FilterChainProxy.java:237)
	at org.springframework.security.web.FilterChainProxy.doFilter(FilterChainProxy.java:195)
	at org.springframework.web.filter.CompositeFilter$VirtualFilterChain.doFilter(CompositeFilter.java:113)
	at org.springframework.web.filter.ServletRequestPathFilter.doFilter(ServletRequestPathFilter.java:52)
	at org.springframework.web.filter.CompositeFilter$VirtualFilterChain.doFilter(CompositeFilter.java:113)
	at org.springframework.web.filter.CompositeFilter.doFilter(CompositeFilter.java:74)
	at org.springframework.security.config.annotation.web.configuration.WebSecurityConfiguration$CompositeFilterChainProxy.doFilter(WebSecurityConfiguration.java:317)
	at org.springframework.web.filter.DelegatingFilterProxy.invokeDelegate(DelegatingFilterProxy.java:355)
	at org.springframework.web.filter.DelegatingFilterProxy.doFilter(DelegatingFilterProxy.java:272)
	at org.apache.catalina.core.ApplicationFilterChain.doFilter(ApplicationFilterChain.java:107)
	at org.springframework.web.filter.RequestContextFilter.doFilterInternal(RequestContextFilter.java:100)
	at org.springframework.web.filter.OncePerRequestFilter.doFilter(OncePerRequestFilter.java:116)
	at org.apache.catalina.core.ApplicationFilterChain.doFilter(ApplicationFilterChain.java:107)
	at org.springframework.web.filter.FormContentFilter.doFilterInternal(FormContentFilter.java:93)
	at org.springframework.web.filter.OncePerRequestFilter.doFilter(OncePerRequestFilter.java:116)
	at org.apache.catalina.core.ApplicationFilterChain.doFilter(ApplicationFilterChain.java:107)
	at org.springframework.web.filter.CharacterEncodingFilter.doFilterInternal(CharacterEncodingFilter.java:199)
	at org.springframework.web.filter.OncePerRequestFilter.doFilter(OncePerRequestFilter.java:116)
	at org.apache.catalina.core.ApplicationFilterChain.doFilter(ApplicationFilterChain.java:107)
	at org.apache.catalina.core.StandardWrapperValve.invoke(StandardWrapperValve.java:165)
	at org.apache.catalina.core.StandardContextValve.invoke(StandardContextValve.java:77)
	at org.apache.catalina.authenticator.AuthenticatorBase.invoke(AuthenticatorBase.java:492)
	at org.apache.catalina.core.StandardHostValve.invoke(StandardHostValve.java:113)
	at org.apache.catalina.valves.ErrorReportValve.invoke(ErrorReportValve.java:83)
	at org.apache.catalina.core.StandardEngineValve.invoke(StandardEngineValve.java:72)
	at org.apache.catalina.connector.CoyoteAdapter.service(CoyoteAdapter.java:341)
	at org.apache.coyote.http11.Http11Processor.service(Http11Processor.java:397)
	at org.apache.coyote.AbstractProcessorLight.process(AbstractProcessorLight.java:63)
	at org.apache.coyote.AbstractProtocol$ConnectionHandler.process(AbstractProtocol.java:903)
	at org.apache.tomcat.util.net.NioEndpoint$SocketProcessor.doRun(NioEndpoint.java:1801)
	at org.apache.tomcat.util.net.SocketProcessorBase.run(SocketProcessorBase.java:52)
	at org.apache.tomcat.util.threads.ThreadPoolExecutor.runWorker(ThreadPoolExecutor.java:946)
	at org.apache.tomcat.util.threads.ThreadPoolExecutor$Worker.run(ThreadPoolExecutor.java:480)
	at org.apache.tomcat.util.threads.TaskThread$WrappingRunnable.run(TaskThread.java:57)
	at java.base/java.lang.Thread.run(Thread.java:1516)
03:15:52.649 [http-nio-8080-exec-9] INFO  c.cms.ContactHub.service.UserService - User is authenticated!
03:15:52.651 [http-nio-8080-exec-9] INFO  c.cms.ContactHub.service.UserService - JWT generated from haroon1@gmail.com
03:15:52.652 [http-nio-8080-exec-9] INFO  c.cms.ContactHub.service.UserService - Mr. Haroon Ahmed logged in with haroon1@gmail.com 
03:15:52.686 [http-nio-8080-exec-10] INFO  c.c.C.service.ContactService - No contacts found!
03:16:08.218 [http-nio-8080-exec-1] INFO  c.c.C.service.ContactService - No contacts found!
03:16:19.174 [http-nio-8080-exec-2] INFO  c.c.C.service.ContactService - No contacts found!
03:16:21.978 [http-nio-8080-exec-3] INFO  c.c.C.service.ContactService - No contacts found!
03:17:44.385 [http-nio-8080-exec-6] INFO  c.c.C.service.ContactService - Contact Created (MunaimKhan, noemahmedkhan8307@gmail.com, +923452971536)
03:17:44.398 [http-nio-8080-exec-6] INFO  c.c.C.service.ContactService - Contact Saved to DB.
03:17:44.422 [http-nio-8080-exec-7] INFO  c.c.C.service.ContactService - Contacts fetched and returned.
03:18:15.548 [http-nio-8080-exec-9] INFO  c.c.C.service.ContactService - Contact deleted.
03:18:15.565 [http-nio-8080-exec-10] INFO  c.c.C.service.ContactService - No contacts found!
03:18:30.294 [http-nio-8080-exec-1] INFO  c.c.C.service.ContactService - Contact Created (MunaimKhan, noemahmedkhan8307@gmail.com, +923452971536)
03:18:30.298 [http-nio-8080-exec-1] INFO  c.c.C.service.ContactService - Contact Saved to DB.
03:18:30.314 [http-nio-8080-exec-2] INFO  c.c.C.service.ContactService - Contacts fetched and returned.
03:19:14.047 [http-nio-8080-exec-4] INFO  c.c.C.service.ContactService - Contact: MunaimKhan favourite set = true
03:19:14.050 [http-nio-8080-exec-4] INFO  c.c.C.service.ContactService - Contact saved.
03:20:09.601 [http-nio-8080-exec-6] INFO  c.c.C.service.ContactService - Contact updated.
03:20:09.616 [http-nio-8080-exec-7] INFO  c.c.C.service.ContactService - Contacts fetched and returned.
03:20:41.412 [http-nio-8080-exec-8] INFO  c.c.C.service.ContactService - Contacts fetched and returned.
03:20:51.182 [http-nio-8080-exec-10] INFO  c.c.C.service.ContactService - Contact Created (Fasih, fasih@gmail.com, 03332166754)
03:20:51.187 [http-nio-8080-exec-10] INFO  c.c.C.service.ContactService - Contact Saved to DB.
03:20:51.208 [http-nio-8080-exec-1] INFO  c.c.C.service.ContactService - Contact Created (AhmedAli, ahmali@gmail.com, 03322177754)
03:20:51.213 [http-nio-8080-exec-1] INFO  c.c.C.service.ContactService - Contact Saved to DB.
03:20:51.232 [http-nio-8080-exec-2] INFO  c.c.C.service.ContactService - Contact Created (ShahabKhan, shahab@gmail.com, 03312166331)
03:20:51.240 [http-nio-8080-exec-2] INFO  c.c.C.service.ContactService - Contact Saved to DB.
03:20:51.257 [http-nio-8080-exec-3] INFO  c.c.C.service.ContactService - Contact Created (SaleemSheikh, saleem@gmail.com, 03412044451)
03:20:51.261 [http-nio-8080-exec-3] INFO  c.c.C.service.ContactService - Contact Saved to DB.
03:20:51.282 [http-nio-8080-exec-4] INFO  c.c.C.service.ContactService - Contacts fetched and returned.
03:21:44.419 [http-nio-8080-exec-5] INFO  c.c.C.service.ContactService - Contacts fetched and returned.
03:21:50.805 [http-nio-8080-exec-7] INFO  c.c.C.service.ContactService - Contact: SaleemSheikh favourite set = true
03:21:50.808 [http-nio-8080-exec-7] INFO  c.c.C.service.ContactService - Contact saved.
03:21:56.637 [http-nio-8080-exec-9] INFO  c.c.C.service.ContactService - Contact: Fasih favourite set = true
03:21:56.640 [http-nio-8080-exec-9] INFO  c.c.C.service.ContactService - Contact saved.
03:22:32.587 [http-nio-8080-exec-10] INFO  c.c.C.service.ContactService - Contacts fetched and returned.
03:22:36.172 [http-nio-8080-exec-1] INFO  c.c.C.service.ContactService - Contact Created (Fasih, fasih@gmail.com, 03332166754)
03:22:36.175 [http-nio-8080-exec-1] INFO  c.c.C.service.ContactService - Contact Saved to DB.
03:22:36.191 [http-nio-8080-exec-2] INFO  c.c.C.service.ContactService - Contact Created (AhmedAli, ahmali@gmail.com, 03322177754)
03:22:36.195 [http-nio-8080-exec-2] INFO  c.c.C.service.ContactService - Contact Saved to DB.
03:22:36.207 [http-nio-8080-exec-3] INFO  c.c.C.service.ContactService - Contact Created (ShahabKhan, shahab@gmail.com, 03312166331)
03:22:36.211 [http-nio-8080-exec-3] INFO  c.c.C.service.ContactService - Contact Saved to DB.
03:22:36.224 [http-nio-8080-exec-4] INFO  c.c.C.service.ContactService - Contact Created (SaleemSheikh, saleem@gmail.com, 03412044451)
03:22:36.228 [http-nio-8080-exec-4] INFO  c.c.C.service.ContactService - Contact Saved to DB.
03:22:36.242 [http-nio-8080-exec-5] INFO  c.c.C.service.ContactService - Contacts fetched and returned.
03:23:10.744 [http-nio-8080-exec-6] INFO  c.c.C.service.ContactService - Contacts fetched and returned.
03:23:18.160 [http-nio-8080-exec-8] INFO  c.c.C.service.ContactService - Contact deleted.
03:23:18.176 [http-nio-8080-exec-9] INFO  c.c.C.service.ContactService - Contacts fetched and returned.
03:23:20.294 [http-nio-8080-exec-10] INFO  c.c.C.service.ContactService - Contacts fetched and returned.
03:23:25.959 [http-nio-8080-exec-1] INFO  c.c.C.service.ContactService - Contacts fetched and returned.
03:23:31.391 [http-nio-8080-exec-3] INFO  c.c.C.service.ContactService - Contact deleted.
03:23:31.405 [http-nio-8080-exec-4] INFO  c.c.C.service.ContactService - Contacts fetched and returned.
03:23:40.592 [http-nio-8080-exec-6] INFO  c.c.C.service.ContactService - Contact deleted.
03:23:40.610 [http-nio-8080-exec-7] INFO  c.c.C.service.ContactService - Contacts fetched and returned.
03:23:45.910 [http-nio-8080-exec-9] INFO  c.c.C.service.ContactService - Contact deleted.
03:23:45.922 [http-nio-8080-exec-10] INFO  c.c.C.service.ContactService - Contacts fetched and returned.
03:23:51.029 [http-nio-8080-exec-1] INFO  c.c.C.service.ContactService - Contacts fetched and returned.
04:12:01.443 [http-nio-8080-exec-4] INFO  c.c.C.service.ContactService - Contacts fetched and returned.
04:12:03.923 [http-nio-8080-exec-6] INFO  c.c.C.service.ProfileService - Mr. Haroon Ahmed Profile Returned!
04:12:05.215 [http-nio-8080-exec-7] INFO  c.c.C.service.ContactService - Contacts fetched and returned.
04:12:13.351 [http-nio-8080-exec-9] INFO  c.c.C.service.ContactService - Contacts fetched and returned.
04:12:17.152 [http-nio-8080-exec-10] INFO  c.c.C.service.ContactService - Contacts fetched and returned.
04:12:25.483 [http-nio-8080-exec-2] INFO  c.c.C.service.ContactService - Contact Created (NoemKhan, noemahmedkhan8307@gmail.com, +923452971536)
04:12:25.490 [http-nio-8080-exec-2] INFO  c.c.C.service.ContactService - Contact Saved to DB.
04:12:25.505 [http-nio-8080-exec-3] INFO  c.c.C.service.ContactService - Contacts fetched and returned.
04:30:03.195 [SpringApplicationShutdownHook] INFO  o.s.boot.tomcat.GracefulShutdown - Commencing graceful shutdown. Waiting for active requests to complete
04:30:03.201 [tomcat-shutdown] INFO  o.s.boot.tomcat.GracefulShutdown - Graceful shutdown complete
04:30:03.206 [SpringApplicationShutdownHook] INFO  o.s.o.j.LocalContainerEntityManagerFactoryBean - Closing JPA EntityManagerFactory for persistence unit 'default'
04:30:03.210 [SpringApplicationShutdownHook] INFO  com.zaxxer.hikari.HikariDataSource - HikariPool-1 - Shutdown initiated...
04:30:03.215 [SpringApplicationShutdownHook] INFO  com.zaxxer.hikari.HikariDataSource - HikariPool-1 - Shutdown completed.
